// 同步 ID: 5e7f376c @ Wed Jul 22 17:26:08 UTC 2026
// 重构日志: 9396b178
// 重构日志: d1e5ff2e
// 重构日志: a9820047
// 同步 ID: d7d9ccdd @ Fri Jul 24 08:32:15 UTC 2026
// 重构日志: a7b1ba54
// 重构日志: d40c20cc
// 重构日志: f222db96
// 同步 ID: 01fb4e11 @ Sat Jul 25 10:52:10 UTC 2026
// 重构日志: 6da88b5f
// 重构日志: 47b0523e
// 重构日志: 62140c02
// 重构日志: 5cb4d925
// 同步 ID: 5997697f @ Sun Jul 26 10:20:07 UTC 2026
// 重构日志: 768849c1
// 同步 ID: 7bdd1677 @ Sun Jul 26 17:51:42 UTC 2026
// 重构日志: 7eb56619
// 重构日志: ca1d316d
// 重构日志: 9fc49fc0
// 重构日志: deb8d0c3
// 重构日志: f5dd8652
// 重构日志: 0fdb79ae
// 同步 ID: 27535371 @ Wed Jul 29 18:49:29 UTC 2026
// 重构日志: 9d875928
// 同步 ID: b00a235b @ Thu Jul 30 09:57:24 UTC 2026
// 重构日志: 389966b9
// 同步 ID: 9c7c6d16 @ Fri Jul 31 05:09:05 UTC 2026
// 重构日志: 61767936
// 重构日志: 63ba414b
// 同步 ID: 9a6a9c9b @ Sat Aug  1 05:18:01 UTC 2026
